Itasca:ITAS 
Content-Type: text/html

<HTML>
<HEAD><TITLE>MapServer Message</TITLE></HEAD>
<!-- MapServer version 6.5-dev OUTPUT=PNG OUTPUT=JPEG OUTPUT=KML SUPPORTS=PROJ SUPPORTS=AGG SUPPORTS=FREETYPE SUPPORTS=CAIRO SUPPORTS=SVG_SYMBOLS SUPPORTS=RSVG SUPPORTS=ICONV SUPPORTS=XMP SUPPORTS=FRIBIDI SUPPORTS=WMS_SERVER SUPPORTS=WMS_CLIENT SUPPORTS=WFS_SERVER SUPPORTS=WFS_CLIENT SUPPORTS=WCS_SERVER SUPPORTS=SOS_SERVER SUPPORTS=THREADS SUPPORTS=GEOS INPUT=JPEG INPUT=POSTGIS INPUT=OGR INPUT=GDAL INPUT=SHAPEFILE -->
<BODY BGCOLOR="#FFFFFF">
processResultSetTag(): General error message. Layer named &#39;bdry_counpy2_native_filter&#39; does not exist.
</BODY></HTML>