Content-Type: text/xml

<?xml version='1.0' encoding="ISO-8859-1" standalone="no" ?>
<WMS_Capabilities version="1.3.0"  xmlns="http://www.opengis.net/wms"   xmlns:sld="http://www.opengis.net/sld"   xmlns:xsi="http://www.w3.org/2001/XMLSchema-instance"   xmlns:ms="http://mapserver.gis.umn.edu/mapserver"   xsi:schemaLocation="http://www.opengis.net/wms http://schemas.opengis.net/wms/1.3.0/capabilities_1_3_0.xsd  http://www.opengis.net/sld http://schemas.opengis.net/sld/1.1.0/sld_capabilities.xsd  http://mapserver.gis.umn.edu/mapserver http://localhost/path/to/ows?service=WMS&amp;version=1.3.0&amp;request=GetSchemaExtension">

<Service>
  <Name>WMS</Name>
<!-- WARNING: Mandatory metadata '..._title' was missing in this context. -->
  <Title>WMS_TEST</Title>
  <OnlineResource xmlns:xlink="http://www.w3.org/1999/xlink" xlink:href="http://localhost/path/to/ows?"/>
  <ContactInformation>
  </ContactInformation>
  <MaxWidth>2048</MaxWidth>
  <MaxHeight>2048</MaxHeight>
</Service>

<Capability>
  <Request>
    <GetCapabilities>
      <Format>text/xml</Format>
      <DCPType>
        <HTTP>
          <Get><OnlineResource xmlns:xlink="http://www.w3.org/1999/xlink" xlink:href="http://localhost/path/to/ows?"/></Get>
          <Post><OnlineResource xmlns:xlink="http://www.w3.org/1999/xlink" xlink:href="http://localhost/path/to/ows?"/></Post>
        </HTTP>
      </DCPType>
    </GetCapabilities>
    <GetMap>
      <Format>image/png</Format>
      <Format>image/jpeg</Format>
      <Format>image/gif</Format>
      <Format>image/png; mode=8bit</Format>
      <Format>application/x-pdf</Format>
      <Format>image/svg+xml</Format>
      <Format>image/tiff</Format>
      <Format>application/vnd.google-earth.kml+xml</Format>
      <Format>application/vnd.google-earth.kmz</Format>
      <DCPType>
        <HTTP>
          <Get><OnlineResource xmlns:xlink="http://www.w3.org/1999/xlink" xlink:href="http://localhost/path/to/ows?"/></Get>
          <Post><OnlineResource xmlns:xlink="http://www.w3.org/1999/xlink" xlink:href="http://localhost/path/to/ows?"/></Post>
        </HTTP>
      </DCPType>
    </GetMap>
    <sld:DescribeLayer>
      <Format>text/xml</Format>
      <DCPType>
        <HTTP>
          <Get><OnlineResource xmlns:xlink="http://www.w3.org/1999/xlink" xlink:href="http://localhost/path/to/ows?"/></Get>
          <Post><OnlineResource xmlns:xlink="http://www.w3.org/1999/xlink" xlink:href="http://localhost/path/to/ows?"/></Post>
        </HTTP>
      </DCPType>
    </sld:DescribeLayer>
  </Request>
  <Exception>
    <Format>XML</Format>
    <Format>INIMAGE</Format>
    <Format>BLANK</Format>
  </Exception>
  <sld:UserDefinedSymbolization SupportSLD="1" UserLayer="0" UserStyle="1" RemoteWFS="0" InlineFeature="0" RemoteWCS="0"/>
  <Layer>
    <Name>WMS_TEST</Name>
<!-- WARNING: Mandatory metadata '..._title' was missing in this context. -->
    <Title>WMS_TEST</Title>
    <Abstract>WMS_TEST</Abstract>
    <CRS>EPSG:4326</CRS>
    <EX_GeographicBoundingBox>
        <westBoundLongitude>-1</westBoundLongitude>
        <eastBoundLongitude>-1</eastBoundLongitude>
        <southBoundLatitude>-1</southBoundLatitude>
        <northBoundLatitude>-1</northBoundLatitude>
    </EX_GeographicBoundingBox>
    <BoundingBox CRS="EPSG:4326"
                minx="-1" miny="-1" maxx="-1" maxy="-1" />
    <Layer>
      <Title>roadgroup</Title>
      <Layer queryable="1" opaque="0" cascaded="0">
        <Name>road2</Name>
        <Title>road</Title>
        <CRS>EPSG:43204</CRS>
        <EX_GeographicBoundingBox>
            <westBoundLongitude>-66.6333</westBoundLongitude>
            <eastBoundLongitude>-59.2921</eastBoundLongitude>
            <southBoundLatitude>42.3821</southBoundLatitude>
            <northBoundLatitude>48.2955</northBoundLatitude>
        </EX_GeographicBoundingBox>
        <BoundingBox CRS="EPSG:43204"
                    minx="2.25898e+06" miny="-70747.9" maxx="2.61535e+06" maxy="495481" />
        <Style>
          <Name>default</Name>
          <Title>default</Title>
          <LegendURL width="65" height="21">
             <Format>image/png</Format>
             <OnlineResource xmlns:xlink="http://www.w3.org/1999/xlink" xlink:type="simple" xlink:href="http://localhost/path/to/ows?version=1.3.0&amp;service=WMS&amp;request=GetLegendGraphic&amp;sld_version=1.1.0&amp;layer=road2&amp;format=image/png&amp;STYLE=default"/>
          </LegendURL>
        </Style>
        <MinScaleDenominator>1500</MinScaleDenominator>
      </Layer>
      <Layer queryable="1" opaque="0" cascaded="0">
        <Name>road3</Name>
        <Title>road</Title>
        <CRS>EPSG:43204</CRS>
        <EX_GeographicBoundingBox>
            <westBoundLongitude>-66.6333</westBoundLongitude>
            <eastBoundLongitude>-59.2921</eastBoundLongitude>
            <southBoundLatitude>42.3821</southBoundLatitude>
            <northBoundLatitude>48.2955</northBoundLatitude>
        </EX_GeographicBoundingBox>
        <BoundingBox CRS="EPSG:43204"
                    minx="2.25898e+06" miny="-70747.9" maxx="2.61535e+06" maxy="495481" />
        <Style>
          <Name>default</Name>
          <Title>default</Title>
          <LegendURL width="65" height="21">
             <Format>image/png</Format>
             <OnlineResource xmlns:xlink="http://www.w3.org/1999/xlink" xlink:type="simple" xlink:href="http://localhost/path/to/ows?version=1.3.0&amp;service=WMS&amp;request=GetLegendGraphic&amp;sld_version=1.1.0&amp;layer=road3&amp;format=image/png&amp;STYLE=default"/>
          </LegendURL>
        </Style>
      </Layer>
    </Layer>
  </Layer>
</Capability>
</WMS_Capabilities>
