Content-Type: application/vnd.ogc.gml

<?xml version="1.0" encoding="ISO-8859-1"?>

<msGMLOutput 
	 xmlns:gml="http://www.opengis.net/gml"
	 xmlns:xlink="http://www.w3.org/1999/xlink"
	 xmlns:xsi="http://www.w3.org/2001/XMLSchema-instance">
	<road2_layer>
	<gml:name>road</gml:name>
		<road2_feature>
			<gml:boundedBy>
				<gml:Box srsName="EPSG:4326">
					<gml:coordinates>-64.61702,44.55887 -64.37038,45.03870</gml:coordinates>
				</gml:Box>
			</gml:boundedBy>
			<FNODE_>903</FNODE_>
			<TNODE_>975</TNODE_>
			<LPOLY_>3</LPOLY_>
			<RPOLY_>3</RPOLY_>
			<LENGTH>62312.824</LENGTH>
			<ROAD_>629</ROAD_>
			<ROAD_NAME>629</ROAD_NAME>
			<F_CODE>68</F_CODE>
			<NAME_E></NAME_E>
			<NAME_F></NAME_F>
		</road2_feature>
		<road2_feature>
			<gml:boundedBy>
				<gml:Box srsName="EPSG:4326">
					<gml:coordinates>-65.12722,44.39911 -64.55216,44.93469</gml:coordinates>
				</gml:Box>
			</gml:boundedBy>
			<FNODE_>950</FNODE_>
			<TNODE_>1007</TNODE_>
			<LPOLY_>3</LPOLY_>
			<RPOLY_>3</RPOLY_>
			<LENGTH>84563.578</LENGTH>
			<ROAD_>655</ROAD_>
			<ROAD_NAME>655</ROAD_NAME>
			<F_CODE>68</F_CODE>
			<NAME_E></NAME_E>
			<NAME_F></NAME_F>
		</road2_feature>
		<road2_feature>
			<gml:boundedBy>
				<gml:Box srsName="EPSG:4326">
					<gml:coordinates>-64.57786,44.69501 -63.70018,45.04540</gml:coordinates>
				</gml:Box>
			</gml:boundedBy>
			<FNODE_>903</FNODE_>
			<TNODE_>908</TNODE_>
			<LPOLY_>3</LPOLY_>
			<RPOLY_>3</RPOLY_>
			<LENGTH>89280.359</LENGTH>
			<ROAD_>1037</ROAD_>
			<ROAD_NAME>1037</ROAD_NAME>
			<F_CODE>67</F_CODE>
			<NAME_E></NAME_E>
			<NAME_F></NAME_F>
		</road2_feature>
		<road2_feature>
			<gml:boundedBy>
				<gml:Box srsName="EPSG:4326">
					<gml:coordinates>-63.71454,44.64282 -63.70018,44.69501</gml:coordinates>
				</gml:Box>
			</gml:boundedBy>
			<FNODE_>908</FNODE_>
			<TNODE_>914</TNODE_>
			<LPOLY_>3</LPOLY_>
			<RPOLY_>3</RPOLY_>
			<LENGTH>6193.941</LENGTH>
			<ROAD_>1039</ROAD_>
			<ROAD_NAME>1039</ROAD_NAME>
			<F_CODE>67</F_CODE>
			<NAME_E></NAME_E>
			<NAME_F></NAME_F>
		</road2_feature>
		<road2_feature>
			<gml:boundedBy>
				<gml:Box srsName="EPSG:4326">
					<gml:coordinates>-64.37038,44.55887 -63.71454,44.67929</gml:coordinates>
				</gml:Box>
			</gml:boundedBy>
			<FNODE_>914</FNODE_>
			<TNODE_>975</TNODE_>
			<LPOLY_>3</LPOLY_>
			<RPOLY_>3</RPOLY_>
			<LENGTH>58066.332</LENGTH>
			<ROAD_>1047</ROAD_>
			<ROAD_NAME>1047</ROAD_NAME>
			<F_CODE>67</F_CODE>
			<NAME_E></NAME_E>
			<NAME_F></NAME_F>
		</road2_feature>
	</road2_layer>
</msGMLOutput>
