<?xml version="1.0" encoding="ISO-8859-1"?>
<ows:ExceptionReport xmlns:xsi="http://www.w3.org/2001/XMLSchema-instance" xmlns:ows="http://www.opengis.net/ows/1.1" version="1.1.0" xml:lang="en-US" xsi:schemaLocation="http://www.opengis.net/ows/1.1 http://schemas.opengis.net/ows/1.1.0/owsExceptionReport.xsd">
  <ows:Exception exceptionCode="InvalidParameterValue" locator="format">
    <ows:ExceptionText>msWCSGetCoverage(): WCS server error. Unrecognized value for the FORMAT parameter.</ows:ExceptionText>
  </ows:Exception>
</ows:ExceptionReport>
