<?xml version="1.0" encoding="UTF-8"?>
<wcs:Capabilities xmlns:wcs="http://www.opengis.net/wcs/2.0" xmlns:ows="http://www.opengis.net/ows/2.0" xmlns:ogc="http://www.opengis.net/ogc" xmlns:xsi="http://www.w3.org/2001/XMLSchema-instance" xmlns:xlink="http://www.w3.org/1999/xlink" xmlns:gml="http://www.opengis.net/gml/3.2" xmlns:gmlcov="http://www.opengis.net/gmlcov/1.0" xmlns:swe="http://www.opengis.net/swe/2.0" xmlns:crs="http://www.opengis.net/wcs/crs/1.0" xmlns:int="http://www.opengis.net/wcs/interpolation/1.0" xsi:schemaLocation="http://www.opengis.net/wcs/2.0 http://schemas.opengis.net/wcs/2.0/wcsAll.xsd " version="2.0.1" updateSequence="2007-10-30T14:23:38Z">
  <wcs:Contents>
    <wcs:CoverageSummary>
      <wcs:CoverageId>grey</wcs:CoverageId>
      <wcs:CoverageSubtype>RectifiedGridCoverage</wcs:CoverageSubtype>
      <ows:Metadata xlink:type="simple" xlink:href="http://www.gdal.org/metadata_test_link.html"/>
    </wcs:CoverageSummary>
  </wcs:Contents>
</wcs:Capabilities>
