Content-Type: text/xml; charset=UTF-8

<?xml version="1.0" encoding="UTF-8"?>
<ows:ExceptionReport xmlns:xsi="http://www.w3.org/2001/XMLSchema-instance" xmlns:ows="http://www.opengis.net/ows" version="1.1.0" language="en-US" xsi:schemaLocation="http://www.opengis.net/ows http://schemas.opengis.net/ows/1.0.0/owsExceptionReport.xsd">
  <ows:Exception exceptionCode="InvalidUpdateSequence">
    <ows:ExceptionText>msWFSGetCapabilities11(): WFS server error. UPDATESEQUENCE parameter (1234) is higher than server (123)</ows:ExceptionText>
  </ows:Exception>
</ows:ExceptionReport>
