Content-Type: text/xml; charset=UTF-8

<?xml version='1.0' encoding="UTF-8" ?>
<ServiceExceptionReport version="1.2.0" xmlns="http://www.opengis.net/ogc" xmlns:xsi="http://www.w3.org/2001/XMLSchema-instance" xsi:schemaLocation="http://www.opengis.net/ogc http://schemas.opengis.net/wfs/1.0.0/OGC-exception.xsd">
  <ServiceException code="InvalidParameterValue" locator="PROPERTYNAME">
msWFSGetFeature(): WFS server error. Optional PROPERTYNAME parameter. A list of properties may be specified for each type name. Example TYPENAME=name1,name2&amp;PROPERTYNAME=(prop1,prop2)(prop1)
  </ServiceException>
</ServiceExceptionReport>
