Content-Type: text/xml; charset=UTF-8

<?xml version='1.0' encoding="UTF-8" ?>
<wfs:FeatureCollection
   xmlns:ms="http://mapserver.gis.umn.edu/mapserver"
   xmlns:wfs="http://www.opengis.net/wfs"
   xmlns:gml="http://www.opengis.net/gml"
   xmlns:ogc="http://www.opengis.net/ogc"
   xmlns:xsi="http://www.w3.org/2001/XMLSchema-instance"
   xsi:schemaLocation="http://www.opengis.net/wfs http://schemas.opengis.net/wfs/1.0.0/WFS-basic.xsd 
                       http://mapserver.gis.umn.edu/mapserver http://localhost/path/to/wfs_simple?SERVICE=WFS&amp;VERSION=1.0.0&amp;REQUEST=DescribeFeatureType&amp;TYPENAME=point3d,linestring3d,polygon3d,multipoint3d,multilinestring3d,multipolygon3d&amp;OUTPUTFORMAT=XMLSCHEMA">
      <gml:boundedBy>
      	<gml:Box srsName="EPSG:27700">
      		<gml:coordinates>0.000000,0.000000 20.000000,20.000000</gml:coordinates>
      	</gml:Box>
      </gml:boundedBy>
    <gml:featureMember>
      <ms:point3d fid="point3d.1">
        <gml:boundedBy>
        	<gml:Box srsName="EPSG:27700">
        		<gml:coordinates>1.000000,2.000000 1.000000,2.000000</gml:coordinates>
        	</gml:Box>
        </gml:boundedBy>
        <ms:msGeometry>
        <gml:Point srsName="EPSG:27700">
          <gml:coordinates>1.000000,2.000000,3.000000</gml:coordinates>
        </gml:Point>
        </ms:msGeometry>
      </ms:point3d>
    </gml:featureMember>
    <gml:featureMember>
      <ms:multipoint3d fid="multipoint3d.1">
        <gml:boundedBy>
        	<gml:Box srsName="EPSG:27700">
        		<gml:coordinates>1.000000,2.000000 4.000000,5.000000</gml:coordinates>
        	</gml:Box>
        </gml:boundedBy>
        <ms:msGeometry>
        <gml:MultiPoint srsName="EPSG:27700">
          <gml:pointMember>
            <gml:Point>
              <gml:coordinates>1.000000,2.000000,3.000000</gml:coordinates>
            </gml:Point>
          </gml:pointMember>
          <gml:pointMember>
            <gml:Point>
              <gml:coordinates>4.000000,5.000000,6.000000</gml:coordinates>
            </gml:Point>
          </gml:pointMember>
        </gml:MultiPoint>
        </ms:msGeometry>
      </ms:multipoint3d>
    </gml:featureMember>
    <gml:featureMember>
      <ms:linestring3d fid="linestring3d.1">
        <gml:boundedBy>
        	<gml:Box srsName="EPSG:27700">
        		<gml:coordinates>1.000000,2.000000 4.000000,5.000000</gml:coordinates>
        	</gml:Box>
        </gml:boundedBy>
        <ms:msGeometry>
        <gml:LineString srsName="EPSG:27700">
          <gml:coordinates>1.000000,2.000000,3.000000 4.000000,5.000000,6.000000 </gml:coordinates>
        </gml:LineString>
        </ms:msGeometry>
      </ms:linestring3d>
    </gml:featureMember>
    <gml:featureMember>
      <ms:multilinestring3d fid="multilinestring3d.1">
        <gml:boundedBy>
        	<gml:Box srsName="EPSG:27700">
        		<gml:coordinates>1.000000,2.000000 10.000000,11.000000</gml:coordinates>
        	</gml:Box>
        </gml:boundedBy>
        <ms:msGeometry>
        <gml:MultiLineString srsName="EPSG:27700">
          <gml:lineStringMember>
            <gml:LineString>
              <gml:coordinates>1.000000,2.000000,3.000000 4.000000,5.000000,6.000000 </gml:coordinates>
            </gml:LineString>
          </gml:lineStringMember>
          <gml:lineStringMember>
            <gml:LineString>
              <gml:coordinates>7.000000,8.000000,9.000000 10.000000,11.000000,12.000000 </gml:coordinates>
            </gml:LineString>
          </gml:lineStringMember>
        </gml:MultiLineString>
        </ms:msGeometry>
      </ms:multilinestring3d>
    </gml:featureMember>
    <gml:featureMember>
      <ms:polygon3d fid="polygon3d.1">
        <gml:boundedBy>
        	<gml:Box srsName="EPSG:27700">
        		<gml:coordinates>0.000000,0.000000 10.000000,10.000000</gml:coordinates>
        	</gml:Box>
        </gml:boundedBy>
        <ms:msGeometry>
        <gml:Polygon srsName="EPSG:27700">
          <gml:outerBoundaryIs>
            <gml:LinearRing>
              <gml:coordinates>0.000000,0.000000,1.000000 10.000000,0.000000,2.000000 10.000000,10.000000,3.000000 0.000000,10.000000,4.000000 0.000000,0.000000,1.000000 </gml:coordinates>
            </gml:LinearRing>
          </gml:outerBoundaryIs>
        </gml:Polygon>
        </ms:msGeometry>
      </ms:polygon3d>
    </gml:featureMember>
    <gml:featureMember>
      <ms:polygon3d fid="polygon3d.2">
        <gml:boundedBy>
        	<gml:Box srsName="EPSG:27700">
        		<gml:coordinates>0.000000,0.000000 10.000000,10.000000</gml:coordinates>
        	</gml:Box>
        </gml:boundedBy>
        <ms:msGeometry>
        <gml:MultiPolygon srsName="EPSG:27700">
        <gml:polygonMember>
          <gml:Polygon>
            <gml:outerBoundaryIs>
              <gml:LinearRing>
                <gml:coordinates>0.000000,0.000000,1.000000 10.000000,0.000000,2.000000 10.000000,10.000000,3.000000 0.000000,10.000000,4.000000 0.000000,0.000000,1.000000 </gml:coordinates>
              </gml:LinearRing>
            </gml:outerBoundaryIs>
            <gml:innerBoundaryIs>
              <gml:LinearRing>
                <gml:coordinates>1.000000,1.000000,2.000000 1.000000,9.000000,3.000000 9.000000,9.000000,4.000000 9.000000,1.000000,5.000000 1.000000,1.000000,2.000000 </gml:coordinates>
              </gml:LinearRing>
            </gml:innerBoundaryIs>
          </gml:Polygon>
        </gml:polygonMember>
        </gml:MultiPolygon>
        </ms:msGeometry>
      </ms:polygon3d>
    </gml:featureMember>
    <gml:featureMember>
      <ms:multipolygon3d fid="multipolygon3d.1">
        <gml:boundedBy>
        	<gml:Box srsName="EPSG:27700">
        		<gml:coordinates>0.000000,0.000000 20.000000,20.000000</gml:coordinates>
        	</gml:Box>
        </gml:boundedBy>
        <ms:msGeometry>
        <gml:MultiPolygon srsName="EPSG:27700">
        <gml:polygonMember>
          <gml:Polygon>
            <gml:outerBoundaryIs>
              <gml:LinearRing>
                <gml:coordinates>0.000000,0.000000,1.000000 10.000000,0.000000,2.000000 10.000000,10.000000,3.000000 0.000000,10.000000,4.000000 0.000000,0.000000,1.000000 </gml:coordinates>
              </gml:LinearRing>
            </gml:outerBoundaryIs>
            <gml:innerBoundaryIs>
              <gml:LinearRing>
                <gml:coordinates>1.000000,1.000000,2.000000 1.000000,9.000000,3.000000 9.000000,9.000000,4.000000 9.000000,1.000000,5.000000 1.000000,1.000000,2.000000 </gml:coordinates>
              </gml:LinearRing>
            </gml:innerBoundaryIs>
          </gml:Polygon>
        </gml:polygonMember>
        <gml:polygonMember>
          <gml:Polygon>
            <gml:outerBoundaryIs>
              <gml:LinearRing>
                <gml:coordinates>10.000000,10.000000,0.000000 10.000000,20.000000,1.000000 20.000000,20.000000,2.000000 20.000000,10.000000,3.000000 10.000000,10.000000,0.000000 </gml:coordinates>
              </gml:LinearRing>
            </gml:outerBoundaryIs>
          </gml:Polygon>
        </gml:polygonMember>
        </gml:MultiPolygon>
        </ms:msGeometry>
      </ms:multipolygon3d>
    </gml:featureMember>
</wfs:FeatureCollection>

