Content-Type: text/xml; subtype=gml/3.1.1

<?xml version='1.0' encoding="ISO-8859-1" ?>
<wfs:FeatureCollection
   xmlns:ms="http://mapserver.gis.umn.edu/mapserver"
   xmlns:gml="http://www.opengis.net/gml"
   xmlns:wfs="http://www.opengis.net/wfs"
   xmlns:ogc="http://www.opengis.net/ogc"
   xmlns:xsi="http://www.w3.org/2001/XMLSchema-instance"
   xsi:schemaLocation="http://mapserver.gis.umn.edu/mapserver http://localhost/path/to/wfs_simple?SERVICE=WFS&amp;VERSION=1.1.0&amp;REQUEST=DescribeFeatureType&amp;TYPENAME=popplace&amp;OUTPUTFORMAT=text/xml;%20subtype=gml/3.1.1  http://www.opengis.net/wfs http://schemas.opengis.net/wfs/1.1.0/wfs.xsd">
      <gml:boundedBy>
      	<gml:Envelope srsName="EPSG:4326">
      		<gml:lowerCorner>44.611049 -65.816024</gml:lowerCorner>
      		<gml:upperCorner>44.611049 -65.816024</gml:upperCorner>
      	</gml:Envelope>
      </gml:boundedBy>
    <gml:featureMember>
      <ms:popplace>
        <gml:boundedBy>
        	<gml:Envelope srsName="EPSG:4326">
        		<gml:lowerCorner>44.611049 -65.816024</gml:lowerCorner>
        		<gml:upperCorner>44.611049 -65.816024</gml:upperCorner>
        	</gml:Envelope>
        </gml:boundedBy>
        <ms:msGeometry>
          <gml:Point srsName="EPSG:4326">
            <gml:pos>44.611049 -65.816024</gml:pos>
          </gml:Point>
        </ms:msGeometry>
        <ms:AREA>0.000</ms:AREA>
        <ms:PERIMETER>0.000</ms:PERIMETER>
        <ms:POPPLACE_>118</ms:POPPLACE_>
        <ms:POPPLACE_I>2</ms:POPPLACE_I>
        <ms:UNIQUE_KEY>CAJOA</ms:UNIQUE_KEY>
        <ms:NAME>Digby</ms:NAME>
        <ms:NAME_E></ms:NAME_E>
        <ms:NAME_F></ms:NAME_F>
        <ms:UNIQUE_K_1></ms:UNIQUE_K_1>
        <ms:UNIQUE_K_2></ms:UNIQUE_K_2>
        <ms:REG_CODE>12</ms:REG_CODE>
        <ms:NTS50>021A12</ms:NTS50>
        <ms:LAT>443700</ms:LAT>
        <ms:LONG>654600</ms:LONG>
        <ms:SGC_CODE>1203006</ms:SGC_CODE>
        <ms:CAPITAL>0</ms:CAPITAL>
        <ms:POP_RANGE>2</ms:POP_RANGE>
      </ms:popplace>
    </gml:featureMember>
</wfs:FeatureCollection>

