Content-Type: text/xml; charset=UTF-8

<?xml version="1.0" encoding="UTF-8"?>
<wfs:DescribeStoredQueriesResponse xmlns:wfs="http://www.opengis.net/wfs/2.0" xmlns:xsi="http://www.w3.org/2001/XMLSchema-instance" xmlns="http://www.opengis.net/wfs/2.0" xsi:schemaLocation="http://www.opengis.net/wfs/2.0 http://schemas.opengis.net/wfs/2.0/wfs.xsd">
  <StoredQueryDescription id="urn:ogc:def:query:OGC-WFS::GetFeatureById">
    <Title>Get feature by identifier</Title>
    <Abstract>Returns the single feature whose value is equal to the specified value of the ID argument</Abstract>
    <Parameter xmlns:xs="http://www.w3.org/2001/XMLSchema" name="ID" type="xs:string"/>
    <QueryExpressionText xmlns:ms="http://mapserver.gis.umn.edu/mapserver" isPrivate="true" language="urn:ogc:def:queryLanguage:OGC-WFS::WFS_QueryExpression" returnFeatureTypes="ms:point ms:multipoint ms:linestring ms:multilinestring ms:polygon ms:multipolygon"/>
  </StoredQueryDescription>
</wfs:DescribeStoredQueriesResponse>
