Content-Type: text/xml; subtype="gml/3.2.1"; charset=UTF-8

<?xml version='1.0' encoding="UTF-8" ?>
<wfs:FeatureCollection
   xmlns:ms="http://mapserver.gis.umn.edu/mapserver"
   xmlns:gml="http://www.opengis.net/gml/3.2"
   xmlns:wfs="http://www.opengis.net/wfs/2.0"
   xmlns:xsi="http://www.w3.org/2001/XMLSchema-instance"
   xsi:schemaLocation="http://mapserver.gis.umn.edu/mapserver http://localhost/path/to/wfs_simple?myparam=something&amp;SERVICE=WFS&amp;VERSION=2.0.0&amp;REQUEST=DescribeFeatureType&amp;TYPENAME=province&amp;OUTPUTFORMAT=application%2Fgml%2Bxml%3B%20version%3D3.2 http://www.opengis.net/wfs/2.0 http://schemas.opengis.net/wfs/2.0/wfs.xsd http://www.opengis.net/gml/3.2 http://schemas.opengis.net/gml/3.2.1/gml.xsd"
   timeStamp="" numberMatched="21" numberReturned="2"
   previous="http://localhost/path/to/wfs_simple?myparam=something&amp;SERVICE=WFS&amp;VERSION=2.0.0&amp;REQUEST=GetFeature&amp;TYPENAMES=province&amp;COUNT=2&amp;STARTINDEX=2"
   next="http://localhost/path/to/wfs_simple?myparam=something&amp;SERVICE=WFS&amp;VERSION=2.0.0&amp;REQUEST=GetFeature&amp;TYPENAMES=province&amp;COUNT=2&amp;STARTINDEX=6">
      <wfs:boundedBy>
      	<gml:Envelope srsName="urn:ogc:def:crs:EPSG::4326">
      		<gml:lowerCorner>45.55044 -61.75096</gml:lowerCorner>
      		<gml:upperCorner>47.28211 -60.34353</gml:upperCorner>
      	</gml:Envelope>
      </wfs:boundedBy>
    <wfs:member>
      <ms:province gml:id="province.989">
        <gml:boundedBy>
        	<gml:Envelope srsName="urn:ogc:def:crs:EPSG::4326">
        		<gml:lowerCorner>45.55044 -61.59511</gml:lowerCorner>
        		<gml:upperCorner>47.03152 -60.34353</gml:upperCorner>
        	</gml:Envelope>
        </gml:boundedBy>
        <ms:msGeometry>
          <gml:Polygon gml:id="province.989.1" srsName="urn:ogc:def:crs:EPSG::4326">
            <gml:exterior>
              <gml:LinearRing>
                <gml:posList srsDimension="2">45.64995 -60.88100 45.62964 -60.89735 45.63055 -60.92814 45.61131 -61.00908 45.61072 -61.04080 45.60069 -61.06061 45.58886 -61.09728 45.58218 -61.13299 45.56434 -61.16831 45.55872 -61.19037 45.56065 -61.20734 45.58078 -61.20714 45.59226 -61.22567 45.59854 -61.24502 45.59370 -61.26380 45.57932 -61.27601 45.57074 -61.29466 45.55044 -61.30547 45.55804 -61.33436 45.57893 -61.36499 45.60096 -61.37658 45.62222 -61.39131 45.64498 -61.43901 45.68124 -61.47794 45.72090 -61.50435 45.74448 -61.51506 45.79398 -61.53240 45.83324 -61.54064 45.86342 -61.55506 45.90791 -61.56254 45.94146 -61.56423 46.02269 -61.59511 46.03665 -61.57548 46.04540 -61.55132 46.05222 -61.51518 46.05285 -61.48843 46.05503 -61.45536 46.06486 -61.45148 46.07567 -61.46816 46.09111 -61.51066 46.10430 -61.51772 46.14672 -61.48975 46.17439 -61.45567 46.19619 -61.41489 46.21434 -61.36836 46.23455 -61.33384 46.29334 -61.27078 46.39497 -61.18675 46.42631 -61.15240 46.44736 -61.14355 46.51078 -61.10612 46.57439 -61.06319 46.58996 -61.06597 46.61490 -61.09195 46.62260 -61.08137 46.62750 -61.06206 46.62258 -61.04122 46.62967 -61.02303 46.64697 -61.01398 46.65751 -61.01219 46.73777 -60.95217 46.78405 -60.91250 46.79934 -60.89124 46.81256 -60.85802 46.83880 -60.80765 46.88381 -60.75247 46.93979 -60.70840 46.97604 -60.68331 47.00688 -60.67548 47.01668 -60.66590 47.02681 -60.63446 47.02576 -60.60818 47.01756 -60.54331 46.99698 -60.51433 46.99416 -60.50008 47.00184 -60.48380 47.02743 -60.47143 47.03152 -60.44411 47.02334 -60.43075 47.01370 -60.42398 47.00027 -60.42800 46.97970 -60.45590 46.96315 -60.46750 46.94223 -60.46591 46.92785 -60.47316 46.91766 -60.51544 46.90031 -60.52481 46.89381 -60.51047 46.89407 -60.48325 46.88541 -60.45685 46.85658 -60.43096 46.85306 -60.40903 46.85722 -60.37096 46.84174 -60.35207 46.81863 -60.34397 46.79994 -60.34353 46.78409 -60.35725 46.73103 -60.35388 46.68503 -60.38863 46.67134 -60.41431 46.65255 -60.41936 46.65209 -60.40091 46.64560 -60.38121 46.63657 -60.38199 46.62739 -60.39920 46.61609 -60.40979 46.60516 -60.38238 46.58877 -60.37766 46.55717 -60.39962 46.53890 -60.42845 46.51251 -60.44942 46.49831 -60.45121 46.40272 -60.51463 46.38309 -60.53354 46.36266 -60.56105 46.35206 -60.56824 46.33566 -60.56890 46.31001 -60.58650 46.29958 -60.58831 46.27931 -60.59961 46.26988 -60.63265 46.26067 -60.64966 46.24740 -60.64284 46.22487 -60.65291 46.21303 -60.64502 46.21024 -60.63101 46.21637 -60.61606 46.25403 -60.59029 46.30100 -60.53670 46.31771 -60.51452 46.33005 -60.47931 46.30400 -60.47324 46.29501 -60.47952 46.27538 -60.49840 46.26319 -60.51743 46.22776 -60.54436 46.19430 -60.59400 46.10330 -60.70392 46.09247 -60.73247 46.09174 -60.78077 46.07638 -60.81238 46.06139 -60.86219 46.05797 -60.89103 46.07230 -60.92366 46.06668 -60.94590 46.05320 -60.94974 46.03421 -60.97053 46.02431 -60.98510 45.99002 -61.02658 45.97226 -61.05689 45.95590 -61.09692 45.94928 -61.13287 45.94288 -61.15298 45.92864 -61.15989 45.92678 -61.14273 45.93026 -61.11400 45.94794 -61.04426 45.95424 -61.02420 45.95924 -60.99444 45.97081 -60.97345 45.98019 -60.95135 45.99803 -60.94988 46.01138 -60.95681 46.03075 -60.90934 46.03175 -60.89546 46.01957 -60.86935 46.02499 -60.85245 46.04649 -60.81672 46.04855 -60.77818 46.03810 -60.78011 46.00609 -60.82286 45.98055 -60.84022 45.94769 -60.84129 45.93452 -60.87388 45.91784 -60.93525 45.92248 -60.96634 45.91903 -60.99507 45.90151 -61.05953 45.88426 -61.10260 45.84710 -61.13519 45.84304 -61.11695 45.85166 -61.09280 45.86428 -61.05806 45.86543 -61.03352 45.88570 -61.02799 45.89205 -61.00259 45.87647 -60.96039 45.86758 -60.95579 45.85654 -60.98955 45.83520 -60.97494 45.82597 -60.99154 45.82762 -61.02462 45.81520 -61.05403 45.78755 -61.09867 45.76274 -61.15204 45.74052 -61.17983 45.73866 -61.16274 45.72476 -61.14835 45.71458 -61.17342 45.69499 -61.18652 45.68877 -61.16179 45.69638 -61.11746 45.70518 -61.08281 45.71903 -61.05772 45.73432 -61.03713 45.75141 -60.99942 45.75710 -60.97199 45.74426 -60.89393 45.73581 -60.86279 45.72194 -60.84844 45.70705 -60.84805 45.68510 -60.87066 45.66404 -60.88471 45.64995 -60.88100 </gml:posList>
              </gml:LinearRing>
            </gml:exterior>
          </gml:Polygon>
        </ms:msGeometry>
      </ms:province>
    </wfs:member>
    <wfs:member>
      <ms:province gml:id="province.1000">
        <gml:boundedBy>
        	<gml:Envelope srsName="urn:ogc:def:crs:EPSG::4326">
        		<gml:lowerCorner>47.25507 -61.75096</gml:lowerCorner>
        		<gml:upperCorner>47.28211 -61.71983</gml:upperCorner>
        	</gml:Envelope>
        </gml:boundedBy>
        <ms:msGeometry>
          <gml:Polygon gml:id="province.1000.1" srsName="urn:ogc:def:crs:EPSG::4326">
            <gml:exterior>
              <gml:LinearRing>
                <gml:posList srsDimension="2">47.25839 -61.74889 47.27555 -61.75096 47.28211 -61.73032 47.26959 -61.71983 47.25507 -61.73219 47.25839 -61.74889 </gml:posList>
              </gml:LinearRing>
            </gml:exterior>
          </gml:Polygon>
        </ms:msGeometry>
      </ms:province>
    </wfs:member>
</wfs:FeatureCollection>

