Content-Type: text/xml; subtype=gml/3.1.1; charset=UTF-8

<?xml version='1.0' encoding="UTF-8" ?>
<wfs:FeatureCollection
   xmlns:ms="http://mapserver.gis.umn.edu/mapserver"
   xmlns:gml="http://www.opengis.net/gml"
   xmlns:wfs="http://www.opengis.net/wfs/2.0"
   xmlns:xsi="http://www.w3.org/2001/XMLSchema-instance"
   xsi:schemaLocation="http://mapserver.gis.umn.edu/mapserver http://localhost/path/to/wfs_simple?myparam=something&amp;SERVICE=WFS&amp;VERSION=2.0.0&amp;REQUEST=DescribeFeatureType&amp;TYPENAME=point,multipoint,linestring,multilinestring,polygon,multipolygon&amp;OUTPUTFORMAT=SFE_XMLSCHEMA http://www.opengis.net/wfs/2.0 http://schemas.opengis.net/wfs/2.0/wfs.xsd http://www.opengis.net/gml http://schemas.opengis.net/gml/3.1.1/base/gml.xsd"
   timeStamp="" numberMatched="6" numberReturned="6">
  <wfs:boundedBy>
  	<gml:Envelope srsName="urn:ogc:def:crs:EPSG::4326">
  		<gml:lowerCorner>49.00000 2.00000</gml:lowerCorner>
  		<gml:upperCorner>50.00000 3.00000</gml:upperCorner>
  	</gml:Envelope>
  </wfs:boundedBy>
  <wfs:member>
   <wfs:FeatureCollection timeStamp="" numberMatched="1" numberReturned="1">
      <wfs:boundedBy>
      	<gml:Envelope srsName="urn:ogc:def:crs:EPSG::4326">
      		<gml:lowerCorner>49.00000 2.00000</gml:lowerCorner>
      		<gml:upperCorner>49.00000 2.00000</gml:upperCorner>
      	</gml:Envelope>
      </wfs:boundedBy>
    <wfs:member>
      <ms:point gml:id="point.1">
        <gml:boundedBy>
        	<gml:Envelope srsName="urn:ogc:def:crs:EPSG::4326">
        		<gml:lowerCorner>49.00000 2.00000</gml:lowerCorner>
        		<gml:upperCorner>49.00000 2.00000</gml:upperCorner>
        	</gml:Envelope>
        </gml:boundedBy>
        <ms:msGeometry>
          <gml:Point srsName="urn:ogc:def:crs:EPSG::4326">
            <gml:pos>49.00000 2.00000</gml:pos>
          </gml:Point>
        </ms:msGeometry>
      </ms:point>
    </wfs:member>
   </wfs:FeatureCollection>
  </wfs:member>
  <wfs:member>
   <wfs:FeatureCollection timeStamp="" numberMatched="1" numberReturned="1">
      <wfs:boundedBy>
      	<gml:Envelope srsName="urn:ogc:def:crs:EPSG::4326">
      		<gml:lowerCorner>49.00000 2.00000</gml:lowerCorner>
      		<gml:upperCorner>50.00000 3.00000</gml:upperCorner>
      	</gml:Envelope>
      </wfs:boundedBy>
    <wfs:member>
      <ms:multipoint gml:id="multipoint.1">
        <gml:boundedBy>
        	<gml:Envelope srsName="urn:ogc:def:crs:EPSG::4326">
        		<gml:lowerCorner>49.00000 2.00000</gml:lowerCorner>
        		<gml:upperCorner>50.00000 3.00000</gml:upperCorner>
        	</gml:Envelope>
        </gml:boundedBy>
        <ms:msGeometry>
          <gml:MultiPoint srsName="urn:ogc:def:crs:EPSG::4326">
            <gml:pointMembers>
              <gml:Point>
                <gml:pos>49.00000 2.00000</gml:pos>
              </gml:Point>
              <gml:Point>
                <gml:pos>50.00000 3.00000</gml:pos>
              </gml:Point>
            </gml:pointMembers>
          </gml:MultiPoint>
        </ms:msGeometry>
      </ms:multipoint>
    </wfs:member>
   </wfs:FeatureCollection>
  </wfs:member>
  <wfs:member>
   <wfs:FeatureCollection timeStamp="" numberMatched="1" numberReturned="1">
      <wfs:boundedBy>
      	<gml:Envelope srsName="urn:ogc:def:crs:EPSG::4326">
      		<gml:lowerCorner>49.00000 2.00000</gml:lowerCorner>
      		<gml:upperCorner>50.00000 3.00000</gml:upperCorner>
      	</gml:Envelope>
      </wfs:boundedBy>
    <wfs:member>
      <ms:linestring gml:id="linestring.1">
        <gml:boundedBy>
        	<gml:Envelope srsName="urn:ogc:def:crs:EPSG::4326">
        		<gml:lowerCorner>49.00000 2.00000</gml:lowerCorner>
        		<gml:upperCorner>50.00000 3.00000</gml:upperCorner>
        	</gml:Envelope>
        </gml:boundedBy>
        <ms:msGeometry>
          <gml:LineString srsName="urn:ogc:def:crs:EPSG::4326">
            <gml:posList srsDimension="2">49.00000 2.00000 50.00000 3.00000 </gml:posList>
          </gml:LineString>
        </ms:msGeometry>
      </ms:linestring>
    </wfs:member>
   </wfs:FeatureCollection>
  </wfs:member>
  <wfs:member>
   <wfs:FeatureCollection timeStamp="" numberMatched="1" numberReturned="1">
      <wfs:boundedBy>
      	<gml:Envelope srsName="urn:ogc:def:crs:EPSG::4326">
      		<gml:lowerCorner>49.00000 2.00000</gml:lowerCorner>
      		<gml:upperCorner>50.00000 3.00000</gml:upperCorner>
      	</gml:Envelope>
      </wfs:boundedBy>
    <wfs:member>
      <ms:multilinestring gml:id="multilinestring.1">
        <gml:boundedBy>
        	<gml:Envelope srsName="urn:ogc:def:crs:EPSG::4326">
        		<gml:lowerCorner>49.00000 2.00000</gml:lowerCorner>
        		<gml:upperCorner>50.00000 3.00000</gml:upperCorner>
        	</gml:Envelope>
        </gml:boundedBy>
        <ms:msGeometry>
          <gml:MultiCurve srsName="urn:ogc:def:crs:EPSG::4326">
            <gml:curveMembers>
              <gml:LineString>
                <gml:posList srsDimension="2">49.00000 2.00000 50.00000 3.00000 </gml:posList>
              </gml:LineString>
              <gml:LineString>
                <gml:posList srsDimension="2">50.00000 2.00000 49.00000 3.00000 </gml:posList>
              </gml:LineString>
            </gml:curveMembers>
          </gml:MultiCurve>
        </ms:msGeometry>
      </ms:multilinestring>
    </wfs:member>
   </wfs:FeatureCollection>
  </wfs:member>
  <wfs:member>
   <wfs:FeatureCollection timeStamp="" numberMatched="1" numberReturned="1">
      <wfs:boundedBy>
      	<gml:Envelope srsName="urn:ogc:def:crs:EPSG::4326">
      		<gml:lowerCorner>49.00000 2.00000</gml:lowerCorner>
      		<gml:upperCorner>50.00000 3.00000</gml:upperCorner>
      	</gml:Envelope>
      </wfs:boundedBy>
    <wfs:member>
      <ms:polygon gml:id="polygon.1">
        <gml:boundedBy>
        	<gml:Envelope srsName="urn:ogc:def:crs:EPSG::4326">
        		<gml:lowerCorner>49.00000 2.00000</gml:lowerCorner>
        		<gml:upperCorner>50.00000 3.00000</gml:upperCorner>
        	</gml:Envelope>
        </gml:boundedBy>
        <ms:msGeometry>
          <gml:Polygon srsName="urn:ogc:def:crs:EPSG::4326">
            <gml:exterior>
              <gml:LinearRing>
                <gml:posList srsDimension="2">49.00000 2.00000 50.00000 2.00000 50.00000 3.00000 49.00000 3.00000 49.00000 2.00000 </gml:posList>
              </gml:LinearRing>
            </gml:exterior>
            <gml:interior>
              <gml:LinearRing>
                <gml:posList srsDimension="2">49.10000 2.10000 49.10000 2.90000 49.90000 2.90000 49.90000 2.10000 49.10000 2.10000 </gml:posList>
              </gml:LinearRing>
            </gml:interior>
          </gml:Polygon>
        </ms:msGeometry>
      </ms:polygon>
    </wfs:member>
   </wfs:FeatureCollection>
  </wfs:member>
  <wfs:member>
   <wfs:FeatureCollection timeStamp="" numberMatched="1" numberReturned="1">
      <wfs:boundedBy>
      	<gml:Envelope srsName="urn:ogc:def:crs:EPSG::4326">
      		<gml:lowerCorner>49.00000 2.00000</gml:lowerCorner>
      		<gml:upperCorner>50.00000 3.00000</gml:upperCorner>
      	</gml:Envelope>
      </wfs:boundedBy>
    <wfs:member>
      <ms:multipolygon gml:id="multipolygon.1">
        <gml:boundedBy>
        	<gml:Envelope srsName="urn:ogc:def:crs:EPSG::4326">
        		<gml:lowerCorner>49.00000 2.00000</gml:lowerCorner>
        		<gml:upperCorner>50.00000 3.00000</gml:upperCorner>
        	</gml:Envelope>
        </gml:boundedBy>
        <ms:msGeometry>
          <gml:MultiSurface srsName="urn:ogc:def:crs:EPSG::4326">
            <gml:surfaceMembers>
              <gml:Polygon>
                <gml:exterior>
                  <gml:LinearRing>
                    <gml:posList srsDimension="2">49.00000 2.00000 50.00000 2.00000 50.00000 3.00000 49.00000 3.00000 49.00000 2.00000 </gml:posList>
                  </gml:LinearRing>
                </gml:exterior>
                <gml:interior>
                  <gml:LinearRing>
                    <gml:posList srsDimension="2">49.10000 2.10000 49.10000 2.90000 49.90000 2.90000 49.90000 2.10000 49.10000 2.10000 </gml:posList>
                  </gml:LinearRing>
                </gml:interior>
              </gml:Polygon>
              <gml:Polygon>
                <gml:exterior>
                  <gml:LinearRing>
                    <gml:posList srsDimension="2">49.20000 2.20000 49.80000 2.20000 49.80000 2.80000 49.20000 2.80000 49.20000 2.20000 </gml:posList>
                  </gml:LinearRing>
                </gml:exterior>
              </gml:Polygon>
            </gml:surfaceMembers>
          </gml:MultiSurface>
        </ms:msGeometry>
      </ms:multipolygon>
    </wfs:member>
   </wfs:FeatureCollection>
  </wfs:member>
</wfs:FeatureCollection>

