Content-Type: text/xml; charset=UTF-8

<?xml version="1.0" encoding="UTF-8"?>
<wfs:ListStoredQueriesResponse xmlns:wfs="http://www.opengis.net/wfs/2.0" xmlns:xsi="http://www.w3.org/2001/XMLSchema-instance" xmlns="http://www.opengis.net/wfs/2.0" xsi:schemaLocation="http://www.opengis.net/wfs/2.0 http://schemas.opengis.net/wfs/2.0/wfs.xsd">
  <StoredQuery id="urn:ogc:def:query:OGC-WFS::GetFeatureById">
    <Title>Get feature by identifier</Title>
    <ReturnFeatureType xmlns:ms="http://mapserver.gis.umn.edu/mapserver">ms:point</ReturnFeatureType>
    <ReturnFeatureType xmlns:ms="http://mapserver.gis.umn.edu/mapserver">ms:multipoint</ReturnFeatureType>
    <ReturnFeatureType xmlns:ms="http://mapserver.gis.umn.edu/mapserver">ms:linestring</ReturnFeatureType>
    <ReturnFeatureType xmlns:ms="http://mapserver.gis.umn.edu/mapserver">ms:multilinestring</ReturnFeatureType>
    <ReturnFeatureType xmlns:ms="http://mapserver.gis.umn.edu/mapserver">ms:polygon</ReturnFeatureType>
    <ReturnFeatureType xmlns:ms="http://mapserver.gis.umn.edu/mapserver">ms:multipolygon</ReturnFeatureType>
  </StoredQuery>
  <StoredQuery id="myquery">
    <Title>query title</Title>
    <ReturnFeatureType>ms:point</ReturnFeatureType>
    <ReturnFeatureType>ms:multipoint</ReturnFeatureType>
  </StoredQuery>
  <!--WARNING: Definition for stored query invalidquery is invalid-->
  <StoredQuery id="filestoredquery">
    <Title>filestoredquery title</Title>
    <ReturnFeatureType>ms:point</ReturnFeatureType>
  </StoredQuery>
</wfs:ListStoredQueriesResponse>
