Content-Type: text/xml; charset=UTF-8

<?xml version="1.0" encoding="UTF-8"?>
<wfs:WFS_Capabilities xmlns:gml="http://www.opengis.net/gml/3.2" xmlns:wfs="http://www.opengis.net/wfs/2.0" xmlns:ows="http://www.opengis.net/ows/1.1" xmlns:xlink="http://www.w3.org/1999/xlink" xmlns:xsi="http://www.w3.org/2001/XMLSchema-instance" xmlns:fes="http://www.opengis.net/fes/2.0" xmlns:ms="http://mapserver.gis.umn.edu/mapserver" xmlns="http://www.opengis.net/wfs/2.0" version="2.0.0" updateSequence="123" xsi:schemaLocation="http://www.opengis.net/wfs/2.0 http://schemas.opengis.net/wfs/2.0/wfs.xsd">
  <ows:OperationsMetadata>
    <ows:Operation name="GetCapabilities">
      <ows:DCP>
        <ows:HTTP>
          <ows:Get xlink:type="simple" xlink:href="http://localhost/path/to/wfs_simple?myparam=something&amp;"/>
          <ows:Post xlink:type="simple" xlink:href="http://localhost/path/to/wfs_simple?myparam=something&amp;"/>
        </ows:HTTP>
      </ows:DCP>
      <ows:Parameter name="AcceptVersions">
        <ows:AllowedValues>
          <ows:Value>2.0.0</ows:Value>
          <ows:Value>1.1.0</ows:Value>
          <ows:Value>1.0.0</ows:Value>
        </ows:AllowedValues>
      </ows:Parameter>
      <ows:Parameter name="AcceptFormats">
        <ows:AllowedValues>
          <ows:Value>text/xml</ows:Value>
        </ows:AllowedValues>
      </ows:Parameter>
      <ows:Parameter name="Sections">
        <ows:AllowedValues>
          <ows:Value>ServiceIdentification</ows:Value>
          <ows:Value>ServiceProvider</ows:Value>
          <ows:Value>OperationsMetadata</ows:Value>
          <ows:Value>FeatureTypeList</ows:Value>
          <ows:Value>Filter_Capabilities</ows:Value>
        </ows:AllowedValues>
      </ows:Parameter>
    </ows:Operation>
    <ows:Operation name="DescribeFeatureType">
      <ows:DCP>
        <ows:HTTP>
          <ows:Get xlink:type="simple" xlink:href="http://localhost/path/to/wfs_simple?myparam=something&amp;"/>
          <ows:Post xlink:type="simple" xlink:href="http://localhost/path/to/wfs_simple?myparam=something&amp;"/>
        </ows:HTTP>
      </ows:DCP>
      <ows:Parameter name="outputFormat">
        <ows:AllowedValues>
          <ows:Value>application/gml+xml; version=3.2</ows:Value>
          <ows:Value>text/xml; subtype=gml/3.2.1</ows:Value>
          <ows:Value>text/xml; subtype=gml/3.1.1</ows:Value>
          <ows:Value>text/xml; subtype=gml/2.1.2</ows:Value>
        </ows:AllowedValues>
      </ows:Parameter>
    </ows:Operation>
    <ows:Operation name="GetFeature">
      <ows:DCP>
        <ows:HTTP>
          <ows:Get xlink:type="simple" xlink:href="http://localhost/path/to/wfs_simple?myparam=something&amp;"/>
          <ows:Post xlink:type="simple" xlink:href="http://localhost/path/to/wfs_simple?myparam=something&amp;"/>
        </ows:HTTP>
      </ows:DCP>
      <ows:Parameter name="outputFormat">
        <ows:AllowedValues>
          <ows:Value>application/gml+xml; version=3.2</ows:Value>
          <ows:Value>text/xml; subtype=gml/3.2.1</ows:Value>
          <ows:Value>text/xml; subtype=gml/3.1.1</ows:Value>
          <ows:Value>text/xml; subtype=gml/2.1.2</ows:Value>
        </ows:AllowedValues>
      </ows:Parameter>
    </ows:Operation>
    <ows:Operation name="GetPropertyValue">
      <ows:DCP>
        <ows:HTTP>
          <ows:Get xlink:type="simple" xlink:href="http://localhost/path/to/wfs_simple?myparam=something&amp;"/>
          <ows:Post xlink:type="simple" xlink:href="http://localhost/path/to/wfs_simple?myparam=something&amp;"/>
        </ows:HTTP>
      </ows:DCP>
      <ows:Parameter name="outputFormat">
        <ows:AllowedValues>
          <ows:Value>application/gml+xml; version=3.2</ows:Value>
          <ows:Value>text/xml; subtype=gml/3.2.1</ows:Value>
          <ows:Value>text/xml; subtype=gml/3.1.1</ows:Value>
          <ows:Value>text/xml; subtype=gml/2.1.2</ows:Value>
        </ows:AllowedValues>
      </ows:Parameter>
    </ows:Operation>
    <ows:Operation name="ListStoredQueries">
      <ows:DCP>
        <ows:HTTP>
          <ows:Get xlink:type="simple" xlink:href="http://localhost/path/to/wfs_simple?myparam=something&amp;"/>
          <ows:Post xlink:type="simple" xlink:href="http://localhost/path/to/wfs_simple?myparam=something&amp;"/>
        </ows:HTTP>
      </ows:DCP>
    </ows:Operation>
    <ows:Operation name="DescribeStoredQueries">
      <ows:DCP>
        <ows:HTTP>
          <ows:Get xlink:type="simple" xlink:href="http://localhost/path/to/wfs_simple?myparam=something&amp;"/>
          <ows:Post xlink:type="simple" xlink:href="http://localhost/path/to/wfs_simple?myparam=something&amp;"/>
        </ows:HTTP>
      </ows:DCP>
    </ows:Operation>
    <ows:Parameter name="version">
      <ows:AllowedValues>
        <ows:Value>2.0.0</ows:Value>
        <ows:Value>1.1.0</ows:Value>
        <ows:Value>1.0.0</ows:Value>
      </ows:AllowedValues>
    </ows:Parameter>
    <ows:Constraint name="ImplementsBasicWFS">
      <ows:NoValues/>
      <ows:DefaultValue>TRUE</ows:DefaultValue>
    </ows:Constraint>
    <ows:Constraint name="ImplementsTransactionalWFS">
      <ows:NoValues/>
      <ows:DefaultValue>FALSE</ows:DefaultValue>
    </ows:Constraint>
    <ows:Constraint name="ImplementsLockingWFS">
      <ows:NoValues/>
      <ows:DefaultValue>FALSE</ows:DefaultValue>
    </ows:Constraint>
    <ows:Constraint name="KVPEncoding">
      <ows:NoValues/>
      <ows:DefaultValue>TRUE</ows:DefaultValue>
    </ows:Constraint>
    <ows:Constraint name="XMLEncoding">
      <ows:NoValues/>
      <ows:DefaultValue>TRUE</ows:DefaultValue>
    </ows:Constraint>
    <ows:Constraint name="SOAPEncoding">
      <ows:NoValues/>
      <ows:DefaultValue>FALSE</ows:DefaultValue>
    </ows:Constraint>
    <ows:Constraint name="ImplementsInheritance">
      <ows:NoValues/>
      <ows:DefaultValue>FALSE</ows:DefaultValue>
    </ows:Constraint>
    <ows:Constraint name="ImplementsRemoteResolve">
      <ows:NoValues/>
      <ows:DefaultValue>FALSE</ows:DefaultValue>
    </ows:Constraint>
    <ows:Constraint name="ImplementsResultPaging">
      <ows:NoValues/>
      <ows:DefaultValue>TRUE</ows:DefaultValue>
    </ows:Constraint>
    <ows:Constraint name="ImplementsStandardJoins">
      <ows:NoValues/>
      <ows:DefaultValue>FALSE</ows:DefaultValue>
    </ows:Constraint>
    <ows:Constraint name="ImplementsSpatialJoins">
      <ows:NoValues/>
      <ows:DefaultValue>FALSE</ows:DefaultValue>
    </ows:Constraint>
    <ows:Constraint name="ImplementsTemporalJoins">
      <ows:NoValues/>
      <ows:DefaultValue>FALSE</ows:DefaultValue>
    </ows:Constraint>
    <ows:Constraint name="ImplementsFeatureVersioning">
      <ows:NoValues/>
      <ows:DefaultValue>FALSE</ows:DefaultValue>
    </ows:Constraint>
    <ows:Constraint name="ManageStoredQueries">
      <ows:NoValues/>
      <ows:DefaultValue>FALSE</ows:DefaultValue>
    </ows:Constraint>
    <ows:Constraint name="PagingIsTransactionSafe">
      <ows:NoValues/>
      <ows:DefaultValue>FALSE</ows:DefaultValue>
    </ows:Constraint>
    <ows:Constraint name="CountDefault">
      <ows:NoValues/>
      <ows:DefaultValue>1000</ows:DefaultValue>
    </ows:Constraint>
    <ows:Constraint name="QueryExpressions">
      <ows:AllowedValues>
        <ows:Value>wfs:Query</ows:Value>
        <ows:Value>wfs:StoredQuery</ows:Value>
      </ows:AllowedValues>
    </ows:Constraint>
  </ows:OperationsMetadata>
</wfs:WFS_Capabilities>
