Content-Type: application/gml+xml; version=3.2; charset=UTF-8

<?xml version='1.0' encoding="UTF-8" ?>
<schema
   targetNamespace="http://mapserver.gis.umn.edu/mapserver" 
   xmlns:ms="http://mapserver.gis.umn.edu/mapserver" 
   xmlns:xsd="http://www.w3.org/2001/XMLSchema"
   xmlns="http://www.w3.org/2001/XMLSchema"
   xmlns:gml="http://www.opengis.net/gml/3.2"
   elementFormDefault="qualified" version="0.1" >

  <import namespace="http://www.opengis.net/gml/3.2"
          schemaLocation="http://schemas.opengis.net/gml/3.2.1/gml.xsd" />

  <element name="province" 
           type="ms:provinceType" 
           substitutionGroup="gml:AbstractFeature" />

  <complexType name="provinceType">
    <complexContent>
      <extension base="gml:AbstractFeatureType">
        <sequence>
          <element name="msGeometry" type="gml:GeometryPropertyType" minOccurs="0" maxOccurs="1"/>
          <element name="AREA" minOccurs="0" type="string"/>
          <element name="PERIMETER" minOccurs="0" type="string"/>
          <element name="PROVINCE_" minOccurs="0" type="string"/>
          <element name="PROVINCE_I" minOccurs="0" type="string"/>
          <element name="STATUS" minOccurs="0" type="string"/>
          <element name="POLY_FEATU" minOccurs="0" type="string"/>
          <element name="namegroup" type="ms:namegroupType"/>
          <element name="islandgroup" type="ms:islandgroupType"/>
        </sequence>
      </extension>
    </complexContent>
  </complexType>
  <complexType name="namegroupType">
    <sequence>
      <element name="NAME" type="string"/>
      <element name="NAME_E" minOccurs="0" type="string"/>
      <element name="NomFrancais" minOccurs="0" type="string"/>
    </sequence>
  </complexType>
  <complexType name="islandgroupType">
    <sequence>
      <element name="ISLAND" minOccurs="0" type="string"/>
      <element name="ISLAND_E" minOccurs="0" type="string"/>
      <element name="ISLAND_F" minOccurs="0" type="string"/>
    </sequence>
  </complexType>

</schema>
