Content-Type: text/xml; subtype="gml/3.2.1"; charset=UTF-8

<?xml version='1.0' encoding="UTF-8" ?>
<wfs:ValueCollection
   xmlns:ms="http://mapserver.gis.umn.edu/mapserver"
   xmlns:gml="http://www.opengis.net/gml/3.2"
   xmlns:wfs="http://www.opengis.net/wfs/2.0"
   xmlns:xsi="http://www.w3.org/2001/XMLSchema-instance"
   xsi:schemaLocation="http://mapserver.gis.umn.edu/mapserver http://localhost/path/to/wfs_simple?myparam=something&amp;SERVICE=WFS&amp;VERSION=2.0.0&amp;REQUEST=DescribeFeatureType&amp;TYPENAME=province&amp;OUTPUTFORMAT=application%2Fgml%2Bxml%3B%20version%3D3.2 http://www.opengis.net/wfs/2.0 http://schemas.opengis.net/wfs/2.0/wfs.xsd http://www.opengis.net/gml/3.2 http://schemas.opengis.net/gml/3.2.1/gml.xsd"
   timeStamp="" numberMatched="1" numberReturned="0"
   next="http://localhost/path/to/wfs_simple?myparam=something&amp;SERVICE=WFS&amp;VERSION=2.0.0&amp;REQUEST=GetPropertyValue&amp;TYPENAME=province&amp;VALUEREFERENCE=msGeometry&amp;COUNT=5&amp;SRSNAME=EPSG%3A4269&amp;FILTER=%3Cfes%3AFilter%3E%3Cfes%3AFeatureId+rid%3D&#39;province.1009&#39;%2F%3E%3C%2Ffes%3AFilter%3E&amp;OUTPUTFORMAT=application%2Fgml%2Bxml%3B+version%3D3.2">
</wfs:ValueCollection>
