Content-Type: text/xml; charset=UTF-8

<?xml version="1.0" encoding="UTF-8"?>
<wfs:ListStoredQueriesResponse xmlns:wfs="http://www.opengis.net/wfs/2.0" xmlns:xsi="http://www.w3.org/2001/XMLSchema-instance" xmlns="http://www.opengis.net/wfs/2.0" xsi:schemaLocation="http://www.opengis.net/wfs/2.0 http://schemas.opengis.net/wfs/2.0/wfs.xsd">
  <StoredQuery id="urn:ogc:def:query:OGC-WFS::GetFeatureById">
    <Title>Get feature by identifier</Title>
    <ReturnFeatureType xmlns:ms="http://mapserver.gis.umn.edu/mapserver">ms:province</ReturnFeatureType>
  </StoredQuery>
</wfs:ListStoredQueriesResponse>
