Content-Type: text/xml; subtype="gml/3.2.1"; charset=UTF-8

<?xml version='1.0' encoding="UTF-8" ?>
<wfs:FeatureCollection
   xmlns:ms="http://mapserver.gis.umn.edu/mapserver"
   xmlns:gml="http://www.opengis.net/gml/3.2"
   xmlns:wfs="http://www.opengis.net/wfs/2.0"
   xmlns:xsi="http://www.w3.org/2001/XMLSchema-instance"
   xsi:schemaLocation="http://mapserver.gis.umn.edu/mapserver http://localhost:8080/mapserv.cgi?SERVICE=WFS&amp;VERSION=2.0.0&amp;REQUEST=DescribeFeatureType&amp;TYPENAME=province&amp;OUTPUTFORMAT=application%2Fgml%2Bxml%3B%20version%3D3.2 http://www.opengis.net/wfs/2.0 http://schemas.opengis.net/wfs/2.0/wfs.xsd http://www.opengis.net/gml/3.2 http://schemas.opengis.net/gml/3.2.1/gml.xsd"
   timeStamp="" numberMatched="21" numberReturned="0"
   next="http://localhost:8080/mapserv.cgi?service=WFS&amp;version=2.0.0&amp;request=GetFeature&amp;typenames=province&amp;filter=%3CFilter%3E%3CAnd%3E%3CNot%3E%3CResourceId+rid%3D&#39;foo&#39;%2F%3E%3C%2FNot%3E%3CPropertyIsNull%3E%3CPropertyName%3Egml%3Aname%3C%2FPropertyName%3E%3C%2FPropertyIsNull%3E%3C%2FAnd%3E%3C%2FFilter%3E">
</wfs:FeatureCollection>

