Content-Type: text/xml; subtype="gml/3.2.1"; charset=UTF-8

<?xml version='1.0' encoding="UTF-8" ?>
<ms:province gml:id="province.977" xmlns:ms="http://mapserver.gis.umn.edu/mapserver" xmlns:gml="http://www.opengis.net/gml/3.2" xmlns:wfs="http://www.opengis.net/wfs/2.0" xmlns:xsi="http://www.w3.org/2001/XMLSchema-instance" xsi:schemaLocation="http://mapserver.gis.umn.edu/mapserver http://localhost/path/to/wfs_simple?myparam=something&amp;SERVICE=WFS&amp;VERSION=2.0.0&amp;REQUEST=DescribeFeatureType&amp;TYPENAME=province&amp;OUTPUTFORMAT=application%2Fgml%2Bxml%3B%20version%3D3.2 http://www.opengis.net/wfs/2.0 http://schemas.opengis.net/wfs/2.0/wfs.xsd http://www.opengis.net/gml/3.2 http://schemas.opengis.net/gml/3.2.1/gml.xsd">
  <gml:boundedBy>
    <gml:Envelope srsName="urn:ogc:def:crs:EPSG::4326">
      <gml:lowerCorner>47.76789 -61.51051</gml:lowerCorner>
      <gml:upperCorner>47.79644 -61.45764</gml:upperCorner>
    </gml:Envelope>
  </gml:boundedBy>
  <ms:msGeometry>
    <gml:Polygon gml:id="province.977.1" srsName="urn:ogc:def:crs:EPSG::4326">
      <gml:exterior>
        <gml:LinearRing>
          <gml:posList srsDimension="2">47.77424 -61.51051 47.78860 -61.50894 47.79644 -61.49272 47.78743 -61.45764 47.76789 -61.45998 47.76961 -61.48350 47.77424 -61.51051 </gml:posList>
        </gml:LinearRing>
      </gml:exterior>
    </gml:Polygon>
  </ms:msGeometry>
</ms:province>
