Content-Type: text/html

<HTML>
<HEAD><TITLE>MapServer Message</TITLE></HEAD><BODY BGCOLOR="#FFFFFF">
msOWSPreParseRequest(): OWS error. XML parsing error: Extra content at the end of the document

</BODY></HTML>