Content-Type: text/xml; charset=UTF-8

<?xml version='1.0' encoding="UTF-8" ?>
<ServiceExceptionReport version="1.2.0" xmlns="http://www.opengis.net/ogc" xmlns:xsi="http://www.w3.org/2001/XMLSchema-instance" xsi:schemaLocation="http://www.opengis.net/ogc http://schemas.opengis.net/wfs/1.0.0/OGC-exception.xsd">
  <ServiceException code="InvalidParameterValue" locator="srsname">
msWFSGetFeature(): WFS server error. Invalid GetFeature Request: All TYPENAMES in a single GetFeature request must have been advertized in the same SRS.  Please check the capabilities and reformulate your request.
  </ServiceException>
</ServiceExceptionReport>
