<StyledLayerDescriptor version="1.1.0" xsi:schemaLocation="http://www.opengis.net/sld http://schemas.opengis.net/sld/1.1.0/StyledLayerDescriptor.xsd" xmlns="http://www.opengis.net/sld" xmlns:ogc="http://www.opengis.net/ogc" xmlns:se="http://www.opengis.net/se" xmlns:xlink="http://www.w3.org/1999/xlink" xmlns:xsi="http://www.w3.org/2001/XMLSchema-instance">
<NamedLayer>
<se:Name>TN.CommonTransportElements</se:Name>
<UserStyle>
<se:FeatureTypeStyle>
<se:Rule>
<se:Name>TestStyle</se:Name>
<se:PointSymbolizer>
<se:Graphic>
<se:Mark>
<se:WellKnownName>square</se:WellKnownName>
<se:Fill>
<se:SvgParameter name="fill">#808080</se:SvgParameter>
</se:Fill>
</se:Mark>
<se:Size>1</se:Size>
</se:Graphic>
</se:PointSymbolizer>
</se:Rule>
</se:FeatureTypeStyle>
</UserStyle>
</NamedLayer>
<NamedLayer>
<se:Name>TN.CommonTransportElements.TransportArea</se:Name>
<UserStyle>
<se:FeatureTypeStyle>
<se:Rule>
<se:Name>TN.CommonTransportElements.TransportArea</se:Name>
<se:PolygonSymbolizer>
<se:Fill>
<se:SvgParameter name="fill">#a9a9a9</se:SvgParameter>
</se:Fill>
<se:Stroke>
<se:SvgParameter name="stroke">#000000</se:SvgParameter>
<se:SvgParameter name="stroke-width">3.00</se:SvgParameter>
</se:Stroke>
</se:PolygonSymbolizer>
</se:Rule>
<se:Rule>
<se:Name>TN.CommonTransportElements.TransportArea</se:Name>
<se:PolygonSymbolizer>
<se:Fill>
<se:SvgParameter name="fill">#808080</se:SvgParameter>
</se:Fill>
<se:Stroke>
<se:SvgParameter name="stroke">#000000</se:SvgParameter>
<se:SvgParameter name="stroke-width">1.00</se:SvgParameter>
</se:Stroke>
</se:PolygonSymbolizer>
</se:Rule>
<se:Rule>
<se:Name>TestStyle</se:Name>
<se:PolygonSymbolizer>
</se:PolygonSymbolizer>
</se:Rule>
</se:FeatureTypeStyle>
</UserStyle>
</NamedLayer>
<NamedLayer>
<se:Name>TN.CommonTransportElements.TransportLink</se:Name>
<UserStyle>
<se:FeatureTypeStyle>
<se:Rule>
<se:Name>TN.CommonTransportElements.TransportLink</se:Name>
<se:MinScaleDenominator>5146.000000</se:MinScaleDenominator>
<se:LineSymbolizer>
<se:Stroke>
<se:SvgParameter name="stroke">#000000</se:SvgParameter>
<se:SvgParameter name="stroke-width">3.00</se:SvgParameter>
</se:Stroke>
</se:LineSymbolizer>
</se:Rule>
<se:Rule>
<se:Name>TN.CommonTransportElements.TransportLink</se:Name>
<se:MinScaleDenominator>5146.000000</se:MinScaleDenominator>
<se:LineSymbolizer>
<se:Stroke>
<se:SvgParameter name="stroke">#000000</se:SvgParameter>
<se:SvgParameter name="stroke-width">1.00</se:SvgParameter>
</se:Stroke>
</se:LineSymbolizer>
</se:Rule>
</se:FeatureTypeStyle>
</UserStyle>
</NamedLayer>
<NamedLayer>
<se:Name>TN.CommonTransportElements.TransportNode</se:Name>
<UserStyle>
<se:FeatureTypeStyle>
<se:Rule>
<se:Name>TN.CommonTransportElements.TransportNode</se:Name>
<se:PointSymbolizer>
<se:Graphic>
<se:Mark>
<se:WellKnownName>circle</se:WellKnownName>
<se:Fill>
<se:SvgParameter name="fill">#ff0000</se:SvgParameter>
</se:Fill>
</se:Mark>
<se:Size>3</se:Size>
</se:Graphic>
</se:PointSymbolizer>
</se:Rule>
<se:Rule>
<se:Name>TN.CommonTransportElements.TransportNode</se:Name>
<se:PointSymbolizer>
<se:Graphic>
<se:Mark>
<se:WellKnownName>square</se:WellKnownName>
<se:Fill>
<se:SvgParameter name="fill">#808080</se:SvgParameter>
</se:Fill>
</se:Mark>
<se:Size>6</se:Size>
</se:Graphic>
</se:PointSymbolizer>
</se:Rule>
</se:FeatureTypeStyle>
</UserStyle>
</NamedLayer>
<NamedLayer>
<se:Name>TN.RoadTransportNetwork</se:Name>
<UserStyle>
<se:FeatureTypeStyle>
</se:FeatureTypeStyle>
</UserStyle>
</NamedLayer>
<NamedLayer>
<se:Name>TN.RoadTransportNetwork.RoadLink</se:Name>
<UserStyle>
<se:FeatureTypeStyle>
<se:Rule>
<se:Name>TN.RoadTransportNetwork.RoadLink</se:Name>
<se:LineSymbolizer>
<se:Stroke>
<se:SvgParameter name="stroke">#008000</se:SvgParameter>
<se:SvgParameter name="stroke-width">3.00</se:SvgParameter>
</se:Stroke>
</se:LineSymbolizer>
</se:Rule>
<se:Rule>
<se:Name>TN.RoadTransportNetwork.RoadLink</se:Name>
<se:LineSymbolizer>
<se:Stroke>
<se:SvgParameter name="stroke">#000000</se:SvgParameter>
<se:SvgParameter name="stroke-width">1.00</se:SvgParameter>
</se:Stroke>
</se:LineSymbolizer>
</se:Rule>
</se:FeatureTypeStyle>
</UserStyle>
</NamedLayer>
<NamedLayer>
<se:Name>TN.RoadTransportNetwork.VehicleTrafficArea</se:Name>
<UserStyle>
<se:FeatureTypeStyle>
<se:Rule>
<se:Name>TN.RoadTransportNetwork.VehicleTrafficArea</se:Name>
<se:PolygonSymbolizer>
<se:Fill>
<se:SvgParameter name="fill">#a9a9a9</se:SvgParameter>
</se:Fill>
<se:Stroke>
<se:SvgParameter name="stroke">#000000</se:SvgParameter>
<se:SvgParameter name="stroke-width">1.00</se:SvgParameter>
</se:Stroke>
</se:PolygonSymbolizer>
</se:Rule>
<se:Rule>
<se:Name>TN.RoadTransportNetwork.VehicleTrafficArea</se:Name>
<se:PolygonSymbolizer>
<se:Fill>
<se:SvgParameter name="fill">#808080</se:SvgParameter>
</se:Fill>
<se:Stroke>
<se:SvgParameter name="stroke">#000000</se:SvgParameter>
<se:SvgParameter name="stroke-width">1.00</se:SvgParameter>
</se:Stroke>
</se:PolygonSymbolizer>
</se:Rule>
</se:FeatureTypeStyle>
</UserStyle>
</NamedLayer>
<NamedLayer>
<se:Name>TN.RoadTransportNetwork.RoadServiceArea</se:Name>
<UserStyle>
<se:FeatureTypeStyle>
<se:Rule>
<se:Name>TN.RoadTransportNetwork.RoadServiceArea</se:Name>
<se:PolygonSymbolizer>
<se:Fill>
<se:SvgParameter name="fill">#a9a9a9</se:SvgParameter>
</se:Fill>
<se:Stroke>
<se:SvgParameter name="stroke">#000000</se:SvgParameter>
<se:SvgParameter name="stroke-width">1.00</se:SvgParameter>
</se:Stroke>
</se:PolygonSymbolizer>
</se:Rule>
<se:Rule>
<se:Name>TN.RoadTransportNetwork.RoadServiceArea</se:Name>
<se:PolygonSymbolizer>
<se:Fill>
<se:SvgParameter name="fill">#808080</se:SvgParameter>
</se:Fill>
<se:Stroke>
<se:SvgParameter name="stroke">#000000</se:SvgParameter>
<se:SvgParameter name="stroke-width">1.00</se:SvgParameter>
</se:Stroke>
</se:PolygonSymbolizer>
</se:Rule>
</se:FeatureTypeStyle>
</UserStyle>
</NamedLayer>
<NamedLayer>
<se:Name>TN.RoadTransportNetwork.RoadArea</se:Name>
<UserStyle>
<se:FeatureTypeStyle>
<se:Rule>
<se:Name>TN.RoadTransportNetwork.RoadArea</se:Name>
<se:PolygonSymbolizer>
<se:Fill>
<se:SvgParameter name="fill">#a9a9a9</se:SvgParameter>
</se:Fill>
<se:Stroke>
<se:SvgParameter name="stroke">#000000</se:SvgParameter>
<se:SvgParameter name="stroke-width">1.00</se:SvgParameter>
</se:Stroke>
</se:PolygonSymbolizer>
</se:Rule>
<se:Rule>
<se:Name>TN.RoadTransportNetwork.RoadArea</se:Name>
<se:PolygonSymbolizer>
<se:Fill>
<se:SvgParameter name="fill">#808080</se:SvgParameter>
</se:Fill>
<se:Stroke>
<se:SvgParameter name="stroke">#000000</se:SvgParameter>
<se:SvgParameter name="stroke-width">1.00</se:SvgParameter>
</se:Stroke>
</se:PolygonSymbolizer>
</se:Rule>
</se:FeatureTypeStyle>
</UserStyle>
</NamedLayer>
<NamedLayer>
<se:Name>TN.RailTransportNetwork</se:Name>
<UserStyle>
<se:FeatureTypeStyle>
</se:FeatureTypeStyle>
</UserStyle>
</NamedLayer>
<NamedLayer>
<se:Name>TN.RailTransportNetwork.RailwayLink</se:Name>
<UserStyle>
<se:FeatureTypeStyle>
<se:Rule>
<se:Name>TN.RailTransportNetwork.RailwayLink</se:Name>
<se:LineSymbolizer>
<se:Stroke>
<se:SvgParameter name="stroke">#000000</se:SvgParameter>
<se:SvgParameter name="stroke-width">3.00</se:SvgParameter>
</se:Stroke>
</se:LineSymbolizer>
</se:Rule>
<se:Rule>
<se:Name>TN.RailTransportNetwork.RailwayLink</se:Name>
<se:LineSymbolizer>
<se:Stroke>
<se:SvgParameter name="stroke">#000000</se:SvgParameter>
<se:SvgParameter name="stroke-width">1.00</se:SvgParameter>
</se:Stroke>
</se:LineSymbolizer>
</se:Rule>
</se:FeatureTypeStyle>
</UserStyle>
</NamedLayer>
<NamedLayer>
<se:Name>TN.RailTransportNetwork.RailwayStationArea</se:Name>
<UserStyle>
<se:FeatureTypeStyle>
<se:Rule>
<se:Name>TN.RailTransportNetwork.RailwayStationArea</se:Name>
<se:PolygonSymbolizer>
<se:Fill>
<se:SvgParameter name="fill">#8b4513</se:SvgParameter>
</se:Fill>
<se:Stroke>
<se:SvgParameter name="stroke">#000000</se:SvgParameter>
<se:SvgParameter name="stroke-width">1.00</se:SvgParameter>
</se:Stroke>
</se:PolygonSymbolizer>
</se:Rule>
<se:Rule>
<se:Name>TN.RailTransportNetwork.RailwayStationArea</se:Name>
<se:PolygonSymbolizer>
<se:Fill>
<se:SvgParameter name="fill">#808080</se:SvgParameter>
</se:Fill>
<se:Stroke>
<se:SvgParameter name="stroke">#000000</se:SvgParameter>
<se:SvgParameter name="stroke-width">1.00</se:SvgParameter>
</se:Stroke>
</se:PolygonSymbolizer>
</se:Rule>
</se:FeatureTypeStyle>
</UserStyle>
</NamedLayer>
<NamedLayer>
<se:Name>TN.RailTransportNetwork.RailwayYardArea</se:Name>
<UserStyle>
<se:FeatureTypeStyle>
<se:Rule>
<se:Name>TN.RailTransportNetwork.RailwayYardArea</se:Name>
<se:PolygonSymbolizer>
<se:Fill>
<se:SvgParameter name="fill">#8b4513</se:SvgParameter>
</se:Fill>
<se:Stroke>
<se:SvgParameter name="stroke">#000000</se:SvgParameter>
<se:SvgParameter name="stroke-width">1.00</se:SvgParameter>
</se:Stroke>
</se:PolygonSymbolizer>
</se:Rule>
<se:Rule>
<se:Name>TN.RailTransportNetwork.RailwayYardArea</se:Name>
<se:PolygonSymbolizer>
<se:Fill>
<se:SvgParameter name="fill">#808080</se:SvgParameter>
</se:Fill>
<se:Stroke>
<se:SvgParameter name="stroke">#000000</se:SvgParameter>
<se:SvgParameter name="stroke-width">1.00</se:SvgParameter>
</se:Stroke>
</se:PolygonSymbolizer>
</se:Rule>
</se:FeatureTypeStyle>
</UserStyle>
</NamedLayer>
<NamedLayer>
<se:Name>TN.RailTransportNetwork.RailwayArea</se:Name>
<UserStyle>
<se:FeatureTypeStyle>
<se:Rule>
<se:Name>TN.RailTransportNetwork.RailwayArea</se:Name>
<se:PolygonSymbolizer>
<se:Fill>
<se:SvgParameter name="fill">#8b4513</se:SvgParameter>
</se:Fill>
<se:Stroke>
<se:SvgParameter name="stroke">#000000</se:SvgParameter>
<se:SvgParameter name="stroke-width">1.00</se:SvgParameter>
</se:Stroke>
</se:PolygonSymbolizer>
</se:Rule>
<se:Rule>
<se:Name>TN.RailTransportNetwork.RailwayArea</se:Name>
<se:PolygonSymbolizer>
<se:Fill>
<se:SvgParameter name="fill">#808080</se:SvgParameter>
</se:Fill>
<se:Stroke>
<se:SvgParameter name="stroke">#000000</se:SvgParameter>
<se:SvgParameter name="stroke-width">1.00</se:SvgParameter>
</se:Stroke>
</se:PolygonSymbolizer>
</se:Rule>
</se:FeatureTypeStyle>
</UserStyle>
</NamedLayer>
<NamedLayer>
<se:Name>copyright</se:Name>
<UserStyle>
<se:FeatureTypeStyle>
<se:Rule>
</se:Rule>
</se:FeatureTypeStyle>
</UserStyle>
</NamedLayer>
</StyledLayerDescriptor>

