<?xml version='1.0' encoding="ISO-8859-1" standalone="no" ?>
<!DOCTYPE ServiceExceptionReport SYSTEM "http://ogc.dmsolutions.ca/wms/1.1.0/exception_1_1_0.dtd">
<ServiceExceptionReport version="1.1.0">
<ServiceException>
: WMS server error. Extent element is not supported in FeatureTypeConstraint
</ServiceException>
</ServiceExceptionReport>
