Content-Type: text/plain

GetFeatureInfo results:

  Search returned no results.
